// Jest Snapshot v1, https://goo.gl/fbAQLP

exports[`should take a snapshot 1`] = `
<React.Fragment>
  <React.Fragment>
    <Route
      exact={false}
      path="/home/s"
      render={[Function]}
    />
    <Route
      exact={false}
      path="/home/2"
      render={[Function]}
    />
  </React.Fragment>
</React.Fragment>
`;
